// Jest Snapshot v1, https://goo.gl/fbAQLP

exports[`CommitsWordCloud should match the snapshot 1`] = `
ShallowWrapper {
  Symbol(enzyme.__root__): [Circular],
  Symbol(enzyme.__unrendered__): <CommitsWordCloud
    cloudData={
      Object {
        "activity_index_spec": 1,
        "admin": 7,
        "completes": 2,
        "edit\\"": 1,
        "readme": 9,
        "removes": 12,
        "testing": 2,
        "update": 19,
        "vulnerability": 1,
      }
    }
    loadingWordCloud={
      Object {
        "loadingWordCloud": false,
        "message": "not loading",
      }
    }
  />,
  Symbol(enzyme.__renderer__): Object {
    "batchedUpdates": [Function],
    "getNode": [Function],
    "render": [Function],
    "simulateError": [Function],
    "simulateEvent": [Function],
    "unmount": [Function],
  },
  Symbol(enzyme.__node__): Object {
    "instance": null,
    "key": undefined,
    "nodeType": "host",
    "props": Object {
      "children": <div
        className="tag-container"
      >
        <TagCloud
          className="tag-cloud"
          onClick={[Function]}
          random={[Function]}
          rotate={0}
          spiral="archimedean"
          style={
            Object {
              "color": [Function],
              "fontFamily": "sans-serif",
              "fontSize": 22,
              "height": "100%",
              "padding": 5,
              "rotate": 90,
              "width": "100%",
            }
          }
        >
          <CloudItem
            instances={19}
            style={
              Object {
                "fontSize": 30,
              }
            }
            text="update"
          >
            update
          </CloudItem>
          <CloudItem
            instances={9}
            style={
              Object {
                "fontSize": 30,
              }
            }
            text="readme"
          >
            readme
          </CloudItem>
          <CloudItem
            instances={12}
            style={
              Object {
                "fontSize": 30,
              }
            }
            text="removes"
          >
            removes
          </CloudItem>
          <CloudItem
            instances={1}
            style={
              Object {
                "fontSize": 14,
                "opacity": 0.7,
              }
            }
            text="vulnerability"
          >
            vulnerability
          </CloudItem>
          <CloudItem
            instances={2}
            style={
              Object {
                "fontSize": 14,
                "opacity": 0.7,
              }
            }
            text="completes"
          >
            completes
          </CloudItem>
          <CloudItem
            instances={7}
            style={
              Object {
                "fontSize": 22,
              }
            }
            text="admin"
          >
            admin
          </CloudItem>
          <CloudItem
            instances={2}
            style={
              Object {
                "fontSize": 14,
                "opacity": 0.7,
              }
            }
            text="testing"
          >
            testing
          </CloudItem>
          <CloudItem
            instances={1}
            style={
              Object {
                "fontSize": 14,
                "opacity": 0.7,
              }
            }
            text="activity_index_spec"
          >
            activity_index_spec
          </CloudItem>
          <CloudItem
            instances={1}
            style={
              Object {
                "fontSize": 14,
                "opacity": 0.7,
              }
            }
            text="edit\\""
          >
            edit"
          </CloudItem>
        </TagCloud>
      </div>,
      "className": "commits-word-cloud",
    },
    "ref": null,
    "rendered": Object {
      "instance": null,
      "key": undefined,
      "nodeType": "host",
      "props": Object {
        "children": <TagCloud
          className="tag-cloud"
          onClick={[Function]}
          random={[Function]}
          rotate={0}
          spiral="archimedean"
          style={
            Object {
              "color": [Function],
              "fontFamily": "sans-serif",
              "fontSize": 22,
              "height": "100%",
              "padding": 5,
              "rotate": 90,
              "width": "100%",
            }
          }
        >
          <CloudItem
            instances={19}
            style={
              Object {
                "fontSize": 30,
              }
            }
            text="update"
          >
            update
          </CloudItem>
          <CloudItem
            instances={9}
            style={
              Object {
                "fontSize": 30,
              }
            }
            text="readme"
          >
            readme
          </CloudItem>
          <CloudItem
            instances={12}
            style={
              Object {
                "fontSize": 30,
              }
            }
            text="removes"
          >
            removes
          </CloudItem>
          <CloudItem
            instances={1}
            style={
              Object {
                "fontSize": 14,
                "opacity": 0.7,
              }
            }
            text="vulnerability"
          >
            vulnerability
          </CloudItem>
          <CloudItem
            instances={2}
            style={
              Object {
                "fontSize": 14,
                "opacity": 0.7,
              }
            }
            text="completes"
          >
            completes
          </CloudItem>
          <CloudItem
            instances={7}
            style={
              Object {
                "fontSize": 22,
              }
            }
            text="admin"
          >
            admin
          </CloudItem>
          <CloudItem
            instances={2}
            style={
              Object {
                "fontSize": 14,
                "opacity": 0.7,
              }
            }
            text="testing"
          >
            testing
          </CloudItem>
          <CloudItem
            instances={1}
            style={
              Object {
                "fontSize": 14,
                "opacity": 0.7,
              }
            }
            text="activity_index_spec"
          >
            activity_index_spec
          </CloudItem>
          <CloudItem
            instances={1}
            style={
              Object {
                "fontSize": 14,
                "opacity": 0.7,
              }
            }
            text="edit\\""
          >
            edit"
          </CloudItem>
        </TagCloud>,
        "className": "tag-container",
      },
      "ref": null,
      "rendered": Object {
        "instance": null,
        "key": undefined,
        "nodeType": "class",
        "props": Object {
          "children": Array [
            <CloudItem
              instances={19}
              style={
                Object {
                  "fontSize": 30,
                }
              }
              text="update"
            >
              update
            </CloudItem>,
            <CloudItem
              instances={9}
              style={
                Object {
                  "fontSize": 30,
                }
              }
              text="readme"
            >
              readme
            </CloudItem>,
            <CloudItem
              instances={12}
              style={
                Object {
                  "fontSize": 30,
                }
              }
              text="removes"
            >
              removes
            </CloudItem>,
            <CloudItem
              instances={1}
              style={
                Object {
                  "fontSize": 14,
                  "opacity": 0.7,
                }
              }
              text="vulnerability"
            >
              vulnerability
            </CloudItem>,
            <CloudItem
              instances={2}
              style={
                Object {
                  "fontSize": 14,
                  "opacity": 0.7,
                }
              }
              text="completes"
            >
              completes
            </CloudItem>,
            <CloudItem
              instances={7}
              style={
                Object {
                  "fontSize": 22,
                }
              }
              text="admin"
            >
              admin
            </CloudItem>,
            <CloudItem
              instances={2}
              style={
                Object {
                  "fontSize": 14,
                  "opacity": 0.7,
                }
              }
              text="testing"
            >
              testing
            </CloudItem>,
            <CloudItem
              instances={1}
              style={
                Object {
                  "fontSize": 14,
                  "opacity": 0.7,
                }
              }
              text="activity_index_spec"
            >
              activity_index_spec
            </CloudItem>,
            <CloudItem
              instances={1}
              style={
                Object {
                  "fontSize": 14,
                  "opacity": 0.7,
                }
              }
              text="edit\\""
            >
              edit"
            </CloudItem>,
          ],
          "className": "tag-cloud",
          "onClick": [Function],
          "random": [Function],
          "rotate": 0,
          "spiral": "archimedean",
          "style": Object {
            "color": [Function],
            "fontFamily": "sans-serif",
            "fontSize": 22,
            "height": "100%",
            "padding": 5,
            "rotate": 90,
            "width": "100%",
          },
        },
        "ref": null,
        "rendered": Array [
          Object {
            "instance": null,
            "key": "update",
            "nodeType": "function",
            "props": Object {
              "children": "update",
              "instances": 19,
              "style": Object {
                "fontSize": 30,
              },
              "text": "update",
            },
            "ref": null,
            "rendered": "update",
            "type": [Function],
          },
          Object {
            "instance": null,
            "key": "readme",
            "nodeType": "function",
            "props": Object {
              "children": "readme",
              "instances": 9,
              "style": Object {
                "fontSize": 30,
              },
              "text": "readme",
            },
            "ref": null,
            "rendered": "readme",
            "type": [Function],
          },
          Object {
            "instance": null,
            "key": "removes",
            "nodeType": "function",
            "props": Object {
              "children": "removes",
              "instances": 12,
              "style": Object {
                "fontSize": 30,
              },
              "text": "removes",
            },
            "ref": null,
            "rendered": "removes",
            "type": [Function],
          },
          Object {
            "instance": null,
            "key": "vulnerability",
            "nodeType": "function",
            "props": Object {
              "children": "vulnerability",
              "instances": 1,
              "style": Object {
                "fontSize": 14,
                "opacity": 0.7,
              },
              "text": "vulnerability",
            },
            "ref": null,
            "rendered": "vulnerability",
            "type": [Function],
          },
          Object {
            "instance": null,
            "key": "completes",
            "nodeType": "function",
            "props": Object {
              "children": "completes",
              "instances": 2,
              "style": Object {
                "fontSize": 14,
                "opacity": 0.7,
              },
              "text": "completes",
            },
            "ref": null,
            "rendered": "completes",
            "type": [Function],
          },
          Object {
            "instance": null,
            "key": "admin",
            "nodeType": "function",
            "props": Object {
              "children": "admin",
              "instances": 7,
              "style": Object {
                "fontSize": 22,
              },
              "text": "admin",
            },
            "ref": null,
            "rendered": "admin",
            "type": [Function],
          },
          Object {
            "instance": null,
            "key": "testing",
            "nodeType": "function",
            "props": Object {
              "children": "testing",
              "instances": 2,
              "style": Object {
                "fontSize": 14,
                "opacity": 0.7,
              },
              "text": "testing",
            },
            "ref": null,
            "rendered": "testing",
            "type": [Function],
          },
          Object {
            "instance": null,
            "key": "activity_index_spec",
            "nodeType": "function",
            "props": Object {
              "children": "activity_index_spec",
              "instances": 1,
              "style": Object {
                "fontSize": 14,
                "opacity": 0.7,
              },
              "text": "activity_index_spec",
            },
            "ref": null,
            "rendered": "activity_index_spec",
            "type": [Function],
          },
          Object {
            "instance": null,
            "key": "edit\\"",
            "nodeType": "function",
            "props": Object {
              "children": "edit\\"",
              "instances": 1,
              "style": Object {
                "fontSize": 14,
                "opacity": 0.7,
              },
              "text": "edit\\"",
            },
            "ref": null,
            "rendered": "edit\\"",
            "type": [Function],
          },
        ],
        "type": [Function],
      },
      "type": "div",
    },
    "type": "div",
  },
  Symbol(enzyme.__nodes__): Array [
    Object {
      "instance": null,
      "key": undefined,
      "nodeType": "host",
      "props": Object {
        "children": <div
          className="tag-container"
        >
          <TagCloud
            className="tag-cloud"
            onClick={[Function]}
            random={[Function]}
            rotate={0}
            spiral="archimedean"
            style={
              Object {
                "color": [Function],
                "fontFamily": "sans-serif",
                "fontSize": 22,
                "height": "100%",
                "padding": 5,
                "rotate": 90,
                "width": "100%",
              }
            }
          >
            <CloudItem
              instances={19}
              style={
                Object {
                  "fontSize": 30,
                }
              }
              text="update"
            >
              update
            </CloudItem>
            <CloudItem
              instances={9}
              style={
                Object {
                  "fontSize": 30,
                }
              }
              text="readme"
            >
              readme
            </CloudItem>
            <CloudItem
              instances={12}
              style={
                Object {
                  "fontSize": 30,
                }
              }
              text="removes"
            >
              removes
            </CloudItem>
            <CloudItem
              instances={1}
              style={
                Object {
                  "fontSize": 14,
                  "opacity": 0.7,
                }
              }
              text="vulnerability"
            >
              vulnerability
            </CloudItem>
            <CloudItem
              instances={2}
              style={
                Object {
                  "fontSize": 14,
                  "opacity": 0.7,
                }
              }
              text="completes"
            >
              completes
            </CloudItem>
            <CloudItem
              instances={7}
              style={
                Object {
                  "fontSize": 22,
                }
              }
              text="admin"
            >
              admin
            </CloudItem>
            <CloudItem
              instances={2}
              style={
                Object {
                  "fontSize": 14,
                  "opacity": 0.7,
                }
              }
              text="testing"
            >
              testing
            </CloudItem>
            <CloudItem
              instances={1}
              style={
                Object {
                  "fontSize": 14,
                  "opacity": 0.7,
                }
              }
              text="activity_index_spec"
            >
              activity_index_spec
            </CloudItem>
            <CloudItem
              instances={1}
              style={
                Object {
                  "fontSize": 14,
                  "opacity": 0.7,
                }
              }
              text="edit\\""
            >
              edit"
            </CloudItem>
          </TagCloud>
        </div>,
        "className": "commits-word-cloud",
      },
      "ref": null,
      "rendered": Object {
        "instance": null,
        "key": undefined,
        "nodeType": "host",
        "props": Object {
          "children": <TagCloud
            className="tag-cloud"
            onClick={[Function]}
            random={[Function]}
            rotate={0}
            spiral="archimedean"
            style={
              Object {
                "color": [Function],
                "fontFamily": "sans-serif",
                "fontSize": 22,
                "height": "100%",
                "padding": 5,
                "rotate": 90,
                "width": "100%",
              }
            }
          >
            <CloudItem
              instances={19}
              style={
                Object {
                  "fontSize": 30,
                }
              }
              text="update"
            >
              update
            </CloudItem>
            <CloudItem
              instances={9}
              style={
                Object {
                  "fontSize": 30,
                }
              }
              text="readme"
            >
              readme
            </CloudItem>
            <CloudItem
              instances={12}
              style={
                Object {
                  "fontSize": 30,
                }
              }
              text="removes"
            >
              removes
            </CloudItem>
            <CloudItem
              instances={1}
              style={
                Object {
                  "fontSize": 14,
                  "opacity": 0.7,
                }
              }
              text="vulnerability"
            >
              vulnerability
            </CloudItem>
            <CloudItem
              instances={2}
              style={
                Object {
                  "fontSize": 14,
                  "opacity": 0.7,
                }
              }
              text="completes"
            >
              completes
            </CloudItem>
            <CloudItem
              instances={7}
              style={
                Object {
                  "fontSize": 22,
                }
              }
              text="admin"
            >
              admin
            </CloudItem>
            <CloudItem
              instances={2}
              style={
                Object {
                  "fontSize": 14,
                  "opacity": 0.7,
                }
              }
              text="testing"
            >
              testing
            </CloudItem>
            <CloudItem
              instances={1}
              style={
                Object {
                  "fontSize": 14,
                  "opacity": 0.7,
                }
              }
              text="activity_index_spec"
            >
              activity_index_spec
            </CloudItem>
            <CloudItem
              instances={1}
              style={
                Object {
                  "fontSize": 14,
                  "opacity": 0.7,
                }
              }
              text="edit\\""
            >
              edit"
            </CloudItem>
          </TagCloud>,
          "className": "tag-container",
        },
        "ref": null,
        "rendered": Object {
          "instance": null,
          "key": undefined,
          "nodeType": "class",
          "props": Object {
            "children": Array [
              <CloudItem
                instances={19}
                style={
                  Object {
                    "fontSize": 30,
                  }
                }
                text="update"
              >
                update
              </CloudItem>,
              <CloudItem
                instances={9}
                style={
                  Object {
                    "fontSize": 30,
                  }
                }
                text="readme"
              >
                readme
              </CloudItem>,
              <CloudItem
                instances={12}
                style={
                  Object {
                    "fontSize": 30,
                  }
                }
                text="removes"
              >
                removes
              </CloudItem>,
              <CloudItem
                instances={1}
                style={
                  Object {
                    "fontSize": 14,
                    "opacity": 0.7,
                  }
                }
                text="vulnerability"
              >
                vulnerability
              </CloudItem>,
              <CloudItem
                instances={2}
                style={
                  Object {
                    "fontSize": 14,
                    "opacity": 0.7,
                  }
                }
                text="completes"
              >
                completes
              </CloudItem>,
              <CloudItem
                instances={7}
                style={
                  Object {
                    "fontSize": 22,
                  }
                }
                text="admin"
              >
                admin
              </CloudItem>,
              <CloudItem
                instances={2}
                style={
                  Object {
                    "fontSize": 14,
                    "opacity": 0.7,
                  }
                }
                text="testing"
              >
                testing
              </CloudItem>,
              <CloudItem
                instances={1}
                style={
                  Object {
                    "fontSize": 14,
                    "opacity": 0.7,
                  }
                }
                text="activity_index_spec"
              >
                activity_index_spec
              </CloudItem>,
              <CloudItem
                instances={1}
                style={
                  Object {
                    "fontSize": 14,
                    "opacity": 0.7,
                  }
                }
                text="edit\\""
              >
                edit"
              </CloudItem>,
            ],
            "className": "tag-cloud",
            "onClick": [Function],
            "random": [Function],
            "rotate": 0,
            "spiral": "archimedean",
            "style": Object {
              "color": [Function],
              "fontFamily": "sans-serif",
              "fontSize": 22,
              "height": "100%",
              "padding": 5,
              "rotate": 90,
              "width": "100%",
            },
          },
          "ref": null,
          "rendered": Array [
            Object {
              "instance": null,
              "key": "update",
              "nodeType": "function",
              "props": Object {
                "children": "update",
                "instances": 19,
                "style": Object {
                  "fontSize": 30,
                },
                "text": "update",
              },
              "ref": null,
              "rendered": "update",
              "type": [Function],
            },
            Object {
              "instance": null,
              "key": "readme",
              "nodeType": "function",
              "props": Object {
                "children": "readme",
                "instances": 9,
                "style": Object {
                  "fontSize": 30,
                },
                "text": "readme",
              },
              "ref": null,
              "rendered": "readme",
              "type": [Function],
            },
            Object {
              "instance": null,
              "key": "removes",
              "nodeType": "function",
              "props": Object {
                "children": "removes",
                "instances": 12,
                "style": Object {
                  "fontSize": 30,
                },
                "text": "removes",
              },
              "ref": null,
              "rendered": "removes",
              "type": [Function],
            },
            Object {
              "instance": null,
              "key": "vulnerability",
              "nodeType": "function",
              "props": Object {
                "children": "vulnerability",
                "instances": 1,
                "style": Object {
                  "fontSize": 14,
                  "opacity": 0.7,
                },
                "text": "vulnerability",
              },
              "ref": null,
              "rendered": "vulnerability",
              "type": [Function],
            },
            Object {
              "instance": null,
              "key": "completes",
              "nodeType": "function",
              "props": Object {
                "children": "completes",
                "instances": 2,
                "style": Object {
                  "fontSize": 14,
                  "opacity": 0.7,
                },
                "text": "completes",
              },
              "ref": null,
              "rendered": "completes",
              "type": [Function],
            },
            Object {
              "instance": null,
              "key": "admin",
              "nodeType": "function",
              "props": Object {
                "children": "admin",
                "instances": 7,
                "style": Object {
                  "fontSize": 22,
                },
                "text": "admin",
              },
              "ref": null,
              "rendered": "admin",
              "type": [Function],
            },
            Object {
              "instance": null,
              "key": "testing",
              "nodeType": "function",
              "props": Object {
                "children": "testing",
                "instances": 2,
                "style": Object {
                  "fontSize": 14,
                  "opacity": 0.7,
                },
                "text": "testing",
              },
              "ref": null,
              "rendered": "testing",
              "type": [Function],
            },
            Object {
              "instance": null,
              "key": "activity_index_spec",
              "nodeType": "function",
              "props": Object {
                "children": "activity_index_spec",
                "instances": 1,
                "style": Object {
                  "fontSize": 14,
                  "opacity": 0.7,
                },
                "text": "activity_index_spec",
              },
              "ref": null,
              "rendered": "activity_index_spec",
              "type": [Function],
            },
            Object {
              "instance": null,
              "key": "edit\\"",
              "nodeType": "function",
              "props": Object {
                "children": "edit\\"",
                "instances": 1,
                "style": Object {
                  "fontSize": 14,
                  "opacity": 0.7,
                },
                "text": "edit\\"",
              },
              "ref": null,
              "rendered": "edit\\"",
              "type": [Function],
            },
          ],
          "type": [Function],
        },
        "type": "div",
      },
      "type": "div",
    },
  ],
  Symbol(enzyme.__options__): Object {
    "adapter": ReactSixteenAdapter {
      "options": Object {
        "enableComponentDidUpdateOnSetState": true,
        "lifecycles": Object {
          "componentDidUpdate": Object {
            "onSetState": true,
          },
          "getDerivedStateFromProps": true,
          "getSnapshotBeforeUpdate": true,
          "setState": Object {
            "skipsComponentDidUpdateOnNullish": true,
          },
        },
      },
    },
  },
}
`;
