// Jest Snapshot v1, https://goo.gl/fbAQLP

exports[`DataSlider should match the snapshot 1`] = `
ShallowWrapper {
  Symbol(enzyme.__root__): [Circular],
  Symbol(enzyme.__unrendered__): <DataSlider />,
  Symbol(enzyme.__renderer__): Object {
    "batchedUpdates": [Function],
    "getNode": [Function],
    "render": [Function],
    "simulateError": [Function],
    "simulateEvent": [Function],
    "unmount": [Function],
  },
  Symbol(enzyme.__node__): Object {
    "instance": null,
    "key": undefined,
    "nodeType": "host",
    "props": Object {
      "children": <Slider
        dots={true}
        infinite={true}
        nextArrow={<ReactComponent />}
        prevArrow={<ReactComponent />}
        slide="article"
        slidesToScroll={1}
        slidesToShow={1}
        speed={500}
      >
        <article
          className="slider-graph"
        >
          <ForceBubbles
            customHeight={768}
            customWidth={1024}
          />
        </article>
        <article
          className="slider-graph"
        >
          <h3>
            Commit Message Word Cloud
          </h3>
          <Connect(CommitsWordCloud) />
        </article>
        <article
          className="slider-graph"
        >
          <h3>
            Language Usage Breakdown
          </h3>
          <Connect(LanguageBarChart) />
        </article>
        <article
          className="slider-graph"
        >
          <h3>
            Commits broken down per week and per weekday
          </h3>
          <Connect(CommitsBarChart) />
        </article>
      </Slider>,
      "className": "data-slider",
    },
    "ref": null,
    "rendered": Object {
      "instance": null,
      "key": undefined,
      "nodeType": "class",
      "props": Object {
        "children": Array [
          <article
            className="slider-graph"
          >
            <ForceBubbles
              customHeight={768}
              customWidth={1024}
            />
          </article>,
          <article
            className="slider-graph"
          >
            <h3>
              Commit Message Word Cloud
            </h3>
            <Connect(CommitsWordCloud) />
          </article>,
          <article
            className="slider-graph"
          >
            <h3>
              Language Usage Breakdown
            </h3>
            <Connect(LanguageBarChart) />
          </article>,
          <article
            className="slider-graph"
          >
            <h3>
              Commits broken down per week and per weekday
            </h3>
            <Connect(CommitsBarChart) />
          </article>,
        ],
        "dots": true,
        "infinite": true,
        "nextArrow": <ReactComponent />,
        "prevArrow": <ReactComponent />,
        "slide": "article",
        "slidesToScroll": 1,
        "slidesToShow": 1,
        "speed": 500,
      },
      "ref": null,
      "rendered": Array [
        Object {
          "instance": null,
          "key": undefined,
          "nodeType": "host",
          "props": Object {
            "children": <ForceBubbles
              customHeight={768}
              customWidth={1024}
            />,
            "className": "slider-graph",
          },
          "ref": null,
          "rendered": Object {
            "instance": null,
            "key": undefined,
            "nodeType": "class",
            "props": Object {
              "customHeight": 768,
              "customWidth": 1024,
            },
            "ref": null,
            "rendered": null,
            "type": [Function],
          },
          "type": "article",
        },
        Object {
          "instance": null,
          "key": undefined,
          "nodeType": "host",
          "props": Object {
            "children": Array [
              <h3>
                Commit Message Word Cloud
              </h3>,
              <Connect(CommitsWordCloud) />,
            ],
            "className": "slider-graph",
          },
          "ref": null,
          "rendered": Array [
            Object {
              "instance": null,
              "key": undefined,
              "nodeType": "host",
              "props": Object {
                "children": "Commit Message Word Cloud",
              },
              "ref": null,
              "rendered": "Commit Message Word Cloud",
              "type": "h3",
            },
            Object {
              "instance": null,
              "key": undefined,
              "nodeType": "class",
              "props": Object {},
              "ref": null,
              "rendered": null,
              "type": [Function],
            },
          ],
          "type": "article",
        },
        Object {
          "instance": null,
          "key": undefined,
          "nodeType": "host",
          "props": Object {
            "children": Array [
              <h3>
                Language Usage Breakdown
              </h3>,
              <Connect(LanguageBarChart) />,
            ],
            "className": "slider-graph",
          },
          "ref": null,
          "rendered": Array [
            Object {
              "instance": null,
              "key": undefined,
              "nodeType": "host",
              "props": Object {
                "children": "Language Usage Breakdown",
              },
              "ref": null,
              "rendered": "Language Usage Breakdown",
              "type": "h3",
            },
            Object {
              "instance": null,
              "key": undefined,
              "nodeType": "class",
              "props": Object {},
              "ref": null,
              "rendered": null,
              "type": [Function],
            },
          ],
          "type": "article",
        },
        Object {
          "instance": null,
          "key": undefined,
          "nodeType": "host",
          "props": Object {
            "children": Array [
              <h3>
                Commits broken down per week and per weekday
              </h3>,
              <Connect(CommitsBarChart) />,
            ],
            "className": "slider-graph",
          },
          "ref": null,
          "rendered": Array [
            Object {
              "instance": null,
              "key": undefined,
              "nodeType": "host",
              "props": Object {
                "children": "Commits broken down per week and per weekday",
              },
              "ref": null,
              "rendered": "Commits broken down per week and per weekday",
              "type": "h3",
            },
            Object {
              "instance": null,
              "key": undefined,
              "nodeType": "class",
              "props": Object {},
              "ref": null,
              "rendered": null,
              "type": [Function],
            },
          ],
          "type": "article",
        },
      ],
      "type": [Function],
    },
    "type": "div",
  },
  Symbol(enzyme.__nodes__): Array [
    Object {
      "instance": null,
      "key": undefined,
      "nodeType": "host",
      "props": Object {
        "children": <Slider
          dots={true}
          infinite={true}
          nextArrow={<ReactComponent />}
          prevArrow={<ReactComponent />}
          slide="article"
          slidesToScroll={1}
          slidesToShow={1}
          speed={500}
        >
          <article
            className="slider-graph"
          >
            <ForceBubbles
              customHeight={768}
              customWidth={1024}
            />
          </article>
          <article
            className="slider-graph"
          >
            <h3>
              Commit Message Word Cloud
            </h3>
            <Connect(CommitsWordCloud) />
          </article>
          <article
            className="slider-graph"
          >
            <h3>
              Language Usage Breakdown
            </h3>
            <Connect(LanguageBarChart) />
          </article>
          <article
            className="slider-graph"
          >
            <h3>
              Commits broken down per week and per weekday
            </h3>
            <Connect(CommitsBarChart) />
          </article>
        </Slider>,
        "className": "data-slider",
      },
      "ref": null,
      "rendered": Object {
        "instance": null,
        "key": undefined,
        "nodeType": "class",
        "props": Object {
          "children": Array [
            <article
              className="slider-graph"
            >
              <ForceBubbles
                customHeight={768}
                customWidth={1024}
              />
            </article>,
            <article
              className="slider-graph"
            >
              <h3>
                Commit Message Word Cloud
              </h3>
              <Connect(CommitsWordCloud) />
            </article>,
            <article
              className="slider-graph"
            >
              <h3>
                Language Usage Breakdown
              </h3>
              <Connect(LanguageBarChart) />
            </article>,
            <article
              className="slider-graph"
            >
              <h3>
                Commits broken down per week and per weekday
              </h3>
              <Connect(CommitsBarChart) />
            </article>,
          ],
          "dots": true,
          "infinite": true,
          "nextArrow": <ReactComponent />,
          "prevArrow": <ReactComponent />,
          "slide": "article",
          "slidesToScroll": 1,
          "slidesToShow": 1,
          "speed": 500,
        },
        "ref": null,
        "rendered": Array [
          Object {
            "instance": null,
            "key": undefined,
            "nodeType": "host",
            "props": Object {
              "children": <ForceBubbles
                customHeight={768}
                customWidth={1024}
              />,
              "className": "slider-graph",
            },
            "ref": null,
            "rendered": Object {
              "instance": null,
              "key": undefined,
              "nodeType": "class",
              "props": Object {
                "customHeight": 768,
                "customWidth": 1024,
              },
              "ref": null,
              "rendered": null,
              "type": [Function],
            },
            "type": "article",
          },
          Object {
            "instance": null,
            "key": undefined,
            "nodeType": "host",
            "props": Object {
              "children": Array [
                <h3>
                  Commit Message Word Cloud
                </h3>,
                <Connect(CommitsWordCloud) />,
              ],
              "className": "slider-graph",
            },
            "ref": null,
            "rendered": Array [
              Object {
                "instance": null,
                "key": undefined,
                "nodeType": "host",
                "props": Object {
                  "children": "Commit Message Word Cloud",
                },
                "ref": null,
                "rendered": "Commit Message Word Cloud",
                "type": "h3",
              },
              Object {
                "instance": null,
                "key": undefined,
                "nodeType": "class",
                "props": Object {},
                "ref": null,
                "rendered": null,
                "type": [Function],
              },
            ],
            "type": "article",
          },
          Object {
            "instance": null,
            "key": undefined,
            "nodeType": "host",
            "props": Object {
              "children": Array [
                <h3>
                  Language Usage Breakdown
                </h3>,
                <Connect(LanguageBarChart) />,
              ],
              "className": "slider-graph",
            },
            "ref": null,
            "rendered": Array [
              Object {
                "instance": null,
                "key": undefined,
                "nodeType": "host",
                "props": Object {
                  "children": "Language Usage Breakdown",
                },
                "ref": null,
                "rendered": "Language Usage Breakdown",
                "type": "h3",
              },
              Object {
                "instance": null,
                "key": undefined,
                "nodeType": "class",
                "props": Object {},
                "ref": null,
                "rendered": null,
                "type": [Function],
              },
            ],
            "type": "article",
          },
          Object {
            "instance": null,
            "key": undefined,
            "nodeType": "host",
            "props": Object {
              "children": Array [
                <h3>
                  Commits broken down per week and per weekday
                </h3>,
                <Connect(CommitsBarChart) />,
              ],
              "className": "slider-graph",
            },
            "ref": null,
            "rendered": Array [
              Object {
                "instance": null,
                "key": undefined,
                "nodeType": "host",
                "props": Object {
                  "children": "Commits broken down per week and per weekday",
                },
                "ref": null,
                "rendered": "Commits broken down per week and per weekday",
                "type": "h3",
              },
              Object {
                "instance": null,
                "key": undefined,
                "nodeType": "class",
                "props": Object {},
                "ref": null,
                "rendered": null,
                "type": [Function],
              },
            ],
            "type": "article",
          },
        ],
        "type": [Function],
      },
      "type": "div",
    },
  ],
  Symbol(enzyme.__options__): Object {
    "adapter": ReactSixteenAdapter {
      "options": Object {
        "enableComponentDidUpdateOnSetState": true,
        "lifecycles": Object {
          "componentDidUpdate": Object {
            "onSetState": true,
          },
          "getDerivedStateFromProps": true,
          "getSnapshotBeforeUpdate": true,
          "setState": Object {
            "skipsComponentDidUpdateOnNullish": true,
          },
        },
      },
    },
  },
}
`;
